
Allocating common symbols
Common symbol       size              file

last_free           0x4               hf-unit.o
first_free          0x4               hf-unit.o

Discarded input sections

 .data          0x0000000000000000        0x0 crt0.o
 .bss           0x0000000000000000        0x0 crt0.o
 .text          0x0000000000000000        0x0 hf-unit.o
 .data          0x0000000000000000        0x0 hf-unit.o
 .bss           0x0000000000000000        0x0 hf-unit.o
 .text.hfunit_comp_vector
                0x0000000000000000       0xb4 hf-unit.o
 .text.hfunit_comp_fixed
                0x0000000000000000      0x11c hf-unit.o
 .rodata.hfunit_comp_fixed.str1.4
                0x0000000000000000        0x6 hf-unit.o
 COMMON         0x0000000000000000        0x8 hf-unit.o
 .text          0x0000000000000000        0x0 interrupt.o
 .data          0x0000000000000000        0x0 interrupt.o
 .bss           0x0000000000000000        0x0 interrupt.o
 .data.adc_vector
                0x0000000000000000       0x10 interrupt.o
 .data.dac_vector
                0x0000000000000000       0x10 interrupt.o
 .data.i2c_vector
                0x0000000000000000       0x10 interrupt.o
 .data.spi_vector
                0x0000000000000000       0x10 interrupt.o
 .data.uart_vector
                0x0000000000000000       0x40 interrupt.o
 .text          0x0000000000000000        0x0 libc.o
 .data          0x0000000000000000        0x0 libc.o
 .bss           0x0000000000000000        0x0 libc.o
 .text.__udivmoddi4.part.2
                0x0000000000000000      0x13c libc.o
 .text.delay_ms
                0x0000000000000000      0x120 libc.o
 .text.delay_us
                0x0000000000000000      0x110 libc.o
 .text.putchar  0x0000000000000000       0x1c libc.o
 .text.kbhit    0x0000000000000000       0x10 libc.o
 .text.getchar  0x0000000000000000       0x1c libc.o
 .text.strcpy   0x0000000000000000       0x1c libc.o
 .text.strncpy  0x0000000000000000       0x68 libc.o
 .text.strcat   0x0000000000000000       0x4c libc.o
 .text.strncat  0x0000000000000000       0x4c libc.o
 .text.strcmp   0x0000000000000000       0x2c libc.o
 .text.strncmp  0x0000000000000000       0x3c libc.o
 .text.strstr   0x0000000000000000       0x68 libc.o
 .text.strlen   0x0000000000000000       0x30 libc.o
 .text.strchr   0x0000000000000000       0x24 libc.o
 .text.strpbrk  0x0000000000000000       0x48 libc.o
 .text.strsep   0x0000000000000000       0x60 libc.o
 .text.strtok   0x0000000000000000       0x90 libc.o
 .text.memcpy   0x0000000000000000       0x24 libc.o
 .text.memmove  0x0000000000000000       0x4c libc.o
 .text.memcmp   0x0000000000000000       0x4c libc.o
 .text.memset   0x0000000000000000       0x20 libc.o
 .text.strtol   0x0000000000000000      0x110 libc.o
 .text.atoi     0x0000000000000000       0xcc libc.o
 .text.atof     0x0000000000000000      0x204 libc.o
 .text.itoa     0x0000000000000000       0x50 libc.o
 .text.gets     0x0000000000000000       0x48 libc.o
 .text.abs      0x0000000000000000       0x10 libc.o
 .text.random   0x0000000000000000       0x60 libc.o
 .text.srand    0x0000000000000000        0xc libc.o
 .text.hexdump  0x0000000000000000      0x1ac libc.o
 .text.sprintf  0x0000000000000000       0x48 libc.o
 .text.__muldsi3
                0x0000000000000000       0xe4 libc.o
 .text.__muldi3
                0x0000000000000000       0xac libc.o
 .text.__udivmodsi4
                0x0000000000000000       0x70 libc.o
 .text.__ashldi3
                0x0000000000000000       0x38 libc.o
 .text.__ashrdi3
                0x0000000000000000       0x2c libc.o
 .text.__lshrdi3
                0x0000000000000000       0x38 libc.o
 .text.__udivmoddi4
                0x0000000000000000       0x1c libc.o
 .text.__umoddi3
                0x0000000000000000       0x30 libc.o
 .text.__udivdi3
                0x0000000000000000       0x20 libc.o
 .text.__moddi3
                0x0000000000000000       0x88 libc.o
 .text.__divdi3
                0x0000000000000000       0x98 libc.o
 .text.__cmpsf2
                0x0000000000000000       0x44 libc.o
 .text.__lesf2  0x0000000000000000       0x44 libc.o
 .text.__gesf2  0x0000000000000000       0x38 libc.o
 .text.__eqsf2  0x0000000000000000        0xc libc.o
 .text.__nesf2  0x0000000000000000        0xc libc.o
 .text.__negsf2
                0x0000000000000000       0x18 libc.o
 .text.__fixunssfsi
                0x0000000000000000       0x48 libc.o
 .text.__floatunsisf
                0x0000000000000000       0x8c libc.o
 .text.__floatsidf
                0x0000000000000000       0x8c libc.o
 .text.__floatdidf
                0x0000000000000000       0xc0 libc.o
 .text.__negdf2
                0x0000000000000000       0x28 libc.o
 .text.__extendsfdf2
                0x0000000000000000       0x48 libc.o
 .text.__truncdfsf2
                0x0000000000000000       0xc4 libc.o
 .text.__cmpdf2
                0x0000000000000000       0x4c libc.o
 .text.__fixdfsi
                0x0000000000000000       0x8c libc.o
 .text.__fixdfdi
                0x0000000000000000       0xa8 libc.o
 .text.__fixunsdfsi
                0x0000000000000000       0x5c libc.o
 .text.__fixunsdfdi
                0x0000000000000000       0x7c libc.o
 .text.__adddf3
                0x0000000000000000      0x248 libc.o
 .text.__subdf3
                0x0000000000000000       0x40 libc.o
 .text.__muldf3
                0x0000000000000000      0x20c libc.o
 .text.__divdf3
                0x0000000000000000      0x174 libc.o
 .text.__gtdf2  0x0000000000000000       0x88 libc.o
 .text.__gedf2  0x0000000000000000       0x88 libc.o
 .text.__ltdf2  0x0000000000000000       0x88 libc.o
 .text.__ledf2  0x0000000000000000        0x8 libc.o
 .text.__eqdf2  0x0000000000000000       0x14 libc.o
 .text.__nedf2  0x0000000000000000       0x14 libc.o
 .text.print_float
                0x0000000000000000       0x38 libc.o
 .text.print_double
                0x0000000000000000       0x40 libc.o
 .text.f_copysign
                0x0000000000000000       0x7c libc.o
 .text.d_copysign
                0x0000000000000000       0xb4 libc.o
 .rodata.__divdf3.cst8
                0x0000000000000000        0x8 libc.o
 .rodata.atof.cst4
                0x0000000000000000        0xc libc.o
 .rodata.hexdump.str1.4
                0x0000000000000000       0x13 libc.o
 .rodata.print_float.str1.4
                0x0000000000000000        0x5 libc.o
 .sbss.last.1262
                0x0000000000000000        0x4 libc.o
 .sdata.rand1   0x0000000000000000        0x4 libc.o
 .text          0x0000000000000000        0x0 malloc.o
 .data          0x0000000000000000        0x0 malloc.o
 .bss           0x0000000000000000        0x0 malloc.o
 .text.free     0x0000000000000000       0x20 malloc.o
 .text.malloc   0x0000000000000000       0xac malloc.o
 .text.heap_init
                0x0000000000000000       0x38 malloc.o
 .comment       0x0000000000000000       0x12 malloc.o
 .riscv.attributes
                0x0000000000000000       0x1a malloc.o
 .text          0x0000000000000000        0x0 math.o
 .data          0x0000000000000000        0x0 math.o
 .bss           0x0000000000000000        0x0 math.o
 .text.xatan    0x0000000000000000      0x15c math.o
 .text.satan    0x0000000000000000      0x114 math.o
 .text.frexp.part.1
                0x0000000000000000       0x34 math.o
 .text.fabs     0x0000000000000000       0x3c math.o
 .text.frexp    0x0000000000000000       0x64 math.o
 .text.ldexp    0x0000000000000000      0x1b0 math.o
 .text.floor    0x0000000000000000       0xa8 math.o
 .text.exp.part.2
                0x0000000000000000      0x180 math.o
 .text.ceil     0x0000000000000000       0x30 math.o
 .text.sqrt     0x0000000000000000      0x228 math.o
 .text.exp      0x0000000000000000       0xac math.o
 .text.log      0x0000000000000000      0x264 math.o
 .text.log10    0x0000000000000000       0x2c math.o
 .text.pow      0x0000000000000000      0x1e8 math.o
 .text.sin      0x0000000000000000        0xc math.o
 .text.tan      0x0000000000000000      0x2c8 math.o
 .text.atan     0x0000000000000000       0x68 math.o
 .text.atan2    0x0000000000000000      0x190 math.o
 .text.asin     0x0000000000000000      0x158 math.o
 .text.acos     0x0000000000000000       0x7c math.o
 .text.sinh     0x0000000000000000      0x338 math.o
 .text.cosh     0x0000000000000000      0x234 math.o
 .text.tanh     0x0000000000000000       0xac math.o
 .rodata.asin.cst4
                0x0000000000000000        0x4 math.o
 .rodata.atan2.cst4
                0x0000000000000000        0x8 math.o
 .rodata.exp.cst4
                0x0000000000000000        0xc math.o
 .rodata.exp.part.2.cst4
                0x0000000000000000       0x24 math.o
 .rodata.ldexp.cst4
                0x0000000000000000        0x4 math.o
 .rodata.log.cst4
                0x0000000000000000       0x28 math.o
 .rodata.log10.cst4
                0x0000000000000000        0x4 math.o
 .rodata.sinh.cst4
                0x0000000000000000       0x20 math.o
 .rodata.sqrt.cst4
                0x0000000000000000        0x8 math.o
 .rodata.tan.cst4
                0x0000000000000000       0x1c math.o
 .rodata.tan.cst8
                0x0000000000000000       0x18 math.o
 .rodata.xatan.cst4
                0x0000000000000000       0x24 math.o
 .text          0x0000000000000000        0x0 test.o
 .data          0x0000000000000000        0x0 test.o
 .bss           0x0000000000000000        0x0 test.o
 .sdata2.digits
                0x0000000000000000        0x4 test.o
 .sdata2.pi     0x0000000000000000        0x4 test.o
 .text          0x0000000000000000        0x0 tester.o
 .data          0x0000000000000000        0x0 tester.o
 .bss           0x0000000000000000        0x0 tester.o

Memory Configuration

Name             Origin             Length             Attributes
rom              0x0000000000000000 0x0000000010000000
ram              0x0000000040000000 0x0000000010000000
ram_top          0x000000004ffffc00 0x0000000000000400
*default*        0x0000000000000000 0xffffffffffffffff

Linker script and memory map

                0x000000004ffffffc                _stack = 0x4ffffffc
                0x0000000000000000                . = 0x0

.text           0x0000000040000000     0x2280
 *(.text.init)
                0x0000000040000000                _text = .
 *(.text)
 .text          0x0000000040000000      0x288 crt0.o
                0x0000000040000000                _entry
                0x0000000040000100                _isr
                0x00000000400001ec                _interrupt_set
                0x0000000040000204                setjmp
                0x0000000040000240                longjmp
                0x000000004000027c                syscall
 *(.text.*)
 .text.printBits
                0x0000000040000288       0x94 hf-unit.o
                0x0000000040000288                printBits
 .text.hfunit_comp_float
                0x000000004000031c       0xdc hf-unit.o
                0x000000004000031c                hfunit_comp_float
 .text.dummy_handler
                0x00000000400003f8        0xc interrupt.o
                0x00000000400003f8                timer0a_handler
                0x00000000400003f8                irq4_handler
                0x00000000400003f8                spi0_handler
                0x00000000400003f8                uart7tx_handler
                0x00000000400003f8                uart6tx_handler
                0x00000000400003f8                irq2_handler
                0x00000000400003f8                adc2_handler
                0x00000000400003f8                timer4ocr_handler
                0x00000000400003f8                irq7_handler
                0x00000000400003f8                timer3ocr_handler
                0x00000000400003f8                timer7ctc_handler
                0x00000000400003f8                uart7rx_handler
                0x00000000400003f8                uart4tx_handler
                0x00000000400003f8                uart2rx_handler
                0x00000000400003f8                porta_handler
                0x00000000400003f8                uart3rx_handler
                0x00000000400003f8                portd_handler
                0x00000000400003f8                uart2tx_handler
                0x00000000400003f8                uart3tx_handler
                0x00000000400003f8                portc_handler
                0x00000000400003f8                uart0rx_handler
                0x00000000400003f8                dummy_handler
                0x00000000400003f8                irq3_handler
                0x00000000400003f8                adc3_handler
                0x00000000400003f8                timer6ctc_handler
                0x00000000400003f8                irq1_handler
                0x00000000400003f8                adc1_handler
                0x00000000400003f8                i2c1_handler
                0x00000000400003f8                spi2_handler
                0x00000000400003f8                irq6_handler
                0x00000000400003f8                timer4ctc_handler
                0x00000000400003f8                dac2_handler
                0x00000000400003f8                timer5ctc_handler
                0x00000000400003f8                uart0tx_handler
                0x00000000400003f8                portb_handler
                0x00000000400003f8                dac0_handler
                0x00000000400003f8                uart5tx_handler
                0x00000000400003f8                timer0b_handler
                0x00000000400003f8                spi1_handler
                0x00000000400003f8                uart1tx_handler
                0x00000000400003f8                i2c0_handler
                0x00000000400003f8                spi3_handler
                0x00000000400003f8                dac1_handler
                0x00000000400003f8                uart1rx_handler
                0x00000000400003f8                timer6ocr_handler
                0x00000000400003f8                uart6rx_handler
                0x00000000400003f8                uart5rx_handler
                0x00000000400003f8                timer2ocr_handler
                0x00000000400003f8                timer2ctc_handler
                0x00000000400003f8                timer7ocr_handler
                0x00000000400003f8                timer5ocr_handler
                0x00000000400003f8                adc0_handler
                0x00000000400003f8                timer3ctc_handler
                0x00000000400003f8                timer1ctc_handler
                0x00000000400003f8                i2c2_handler
                0x00000000400003f8                dac3_handler
                0x00000000400003f8                i2c3_handler
                0x00000000400003f8                timer1ocr_handler
                0x00000000400003f8                uart4rx_handler
                0x00000000400003f8                irq5_handler
 .text.irq0_handler
                0x0000000040000404      0x240 interrupt.o
                0x0000000040000404                irq0_handler
 .text.irq_enable
                0x0000000040000644       0x34 interrupt.o
                0x0000000040000644                irq_enable
 .text.irq_handler
                0x0000000040000678       0x50 interrupt.o
                0x0000000040000678                irq_handler
 .text.exception_handler
                0x00000000400006c8       0x34 interrupt.o
                0x00000000400006c8                exception_handler
 .text.printchar.part.0
                0x00000000400006fc       0x1c libc.o
 .text.vsprintf
                0x0000000040000718      0x3e8 libc.o
 .text.itoa.part.1
                0x0000000040000b00       0xd4 libc.o
 .text.ftoa     0x0000000040000bd4      0x164 libc.o
                0x0000000040000bd4                ftoa
 .text.puts     0x0000000040000d38       0x50 libc.o
                0x0000000040000d38                puts
 .text.printf   0x0000000040000d88       0x48 libc.o
                0x0000000040000d88                printf
 .text.__mulsi3
                0x0000000040000dd0       0x30 libc.o
                0x0000000040000dd0                __mulsi3
 .text.__divsi3
                0x0000000040000e00       0x7c libc.o
                0x0000000040000e00                __divsi3
 .text.__modsi3
                0x0000000040000e7c       0x6c libc.o
                0x0000000040000e7c                __modsi3
 .text.__udivsi3
                0x0000000040000ee8       0x64 libc.o
                0x0000000040000ee8                __udivsi3
 .text.__umodsi3
                0x0000000040000f4c       0x54 libc.o
                0x0000000040000f4c                __umodsi3
 .text.__addsf3
                0x0000000040000fa0      0x12c libc.o
                0x0000000040000fa0                __addsf3
 .text.__subsf3
                0x00000000400010cc       0x24 libc.o
                0x00000000400010cc                __subsf3
 .text.__ltsf2  0x00000000400010f0       0x38 libc.o
                0x00000000400010f0                __ltsf2
 .text.__gtsf2  0x0000000040001128       0x44 libc.o
                0x0000000040001128                __gtsf2
 .text.__mulsf3
                0x000000004000116c      0x134 libc.o
                0x000000004000116c                __mulsf3
 .text.__divsf3
                0x00000000400012a0       0xc4 libc.o
                0x00000000400012a0                __divsf3
 .text.__fixsfsi
                0x0000000040001364       0x48 libc.o
                0x0000000040001364                __fixsfsi
 .text.__floatsisf
                0x00000000400013ac       0x90 libc.o
                0x00000000400013ac                __floatsisf
 .text.modf     0x000000004000143c       0xb8 math.o
                0x000000004000143c                modf
 .text.sinus    0x00000000400014f4      0x1f0 math.o
 .text.cos      0x00000000400016e4       0x3c math.o
                0x00000000400016e4                cos
 .text.cos_infinity_test_1
                0x0000000040001720       0xdc test.o
                0x0000000040001720                cos_infinity_test_1
 .text.cos_infinity_test_2
                0x00000000400017fc       0xdc test.o
                0x00000000400017fc                cos_infinity_test_2
 .text.cos_zero_test_1
                0x00000000400018d8       0xd0 test.o
                0x00000000400018d8                cos_zero_test_1
 .text.cos_zero_test_2
                0x00000000400019a8       0xe0 test.o
                0x00000000400019a8                cos_zero_test_2
 .text.cos_zero_test_3
                0x0000000040001a88       0xe0 test.o
                0x0000000040001a88                cos_zero_test_3
 .text.cos_1_degree_test
                0x0000000040001b68       0xe4 test.o
                0x0000000040001b68                cos_1_degree_test
 .text.cos_90_degrees_test
                0x0000000040001c4c       0xe0 test.o
                0x0000000040001c4c                cos_90_degrees_test
 .text.cos_89_degrees_test
                0x0000000040001d2c       0xe4 test.o
                0x0000000040001d2c                cos_89_degrees_test
 .text.cos_180_degrees_test
                0x0000000040001e10       0xe4 test.o
                0x0000000040001e10                cos_180_degrees_test
 .text.cos_300_degrees_test
                0x0000000040001ef4       0xe4 test.o
                0x0000000040001ef4                cos_300_degrees_test
 .text.cos_Neg90_degrees_test
                0x0000000040001fd8       0xe0 test.o
                0x0000000040001fd8                cos_Neg90_degrees_test
 .text.cos_720_degrees_test
                0x00000000400020b8       0xe4 test.o
                0x00000000400020b8                cos_720_degrees_test
 .text.hfunit_run_tests
                0x000000004000219c       0x40 test.o
                0x000000004000219c                hfunit_run_tests
 .text.main_test
                0x00000000400021dc       0xa4 tester.o
                0x00000000400021dc                main_test
                0x0000000040002280                _etext = .

.rela.dyn       0x0000000040002280        0x0
 .rela.text     0x0000000040002280        0x0 crt0.o
 .rela.data.gpio_vector
                0x0000000040002280        0x0 crt0.o
 .rela.data.irq_vector
                0x0000000040002280        0x0 crt0.o
 .rela.data.timer_vector
                0x0000000040002280        0x0 crt0.o

.data           0x0000000040002280      0x410
                0x0000000040002280                _rodata = .
 *(.rdata)
 *(.rodata)
 *(.rodata.*)
 .rodata.hfunit_comp_float.cst4
                0x0000000040002280        0x4 hf-unit.o
 .rodata.hfunit_comp_vector.str1.4
                0x0000000040002284       0x2e hf-unit.o
 *fill*         0x00000000400022b2        0x2 
 .rodata.printBits.str1.4
                0x00000000400022b4        0x3 hf-unit.o
                                          0x7 (size before relaxing)
 *fill*         0x00000000400022b7        0x1 
 .rodata.irq0_handler
                0x00000000400022b8       0x84 interrupt.o
 .rodata.dummy_handler.str1.4
                0x000000004000233c        0x5 interrupt.o
 *fill*         0x0000000040002341        0x3 
 .rodata.exception_handler.str1.4
                0x0000000040002344       0x2c interrupt.o
 .rodata.irq0_handler.str1.4
                0x0000000040002370       0x25 interrupt.o
 *fill*         0x0000000040002395        0x3 
 .rodata.vsprintf
                0x0000000040002398       0x84 libc.o
 .rodata.__divsf3.cst4
                0x000000004000241c        0x8 libc.o
 .rodata.itoa.part.1.str1.4
                0x0000000040002424       0x48 libc.o
 .rodata.vsprintf.str1.4
                0x000000004000246c       0x19 libc.o
 *fill*         0x0000000040002485        0x3 
 .rodata.satan.cst4
                0x0000000040002488       0x14 math.o
 .rodata.sinus.cst4
                0x000000004000249c       0x34 math.o
 .rodata.cos_180_degrees_test.cst4
                0x00000000400024d0        0x8 test.o
 .rodata.cos_1_degree_test.cst4
                0x00000000400024d8        0x8 test.o
 .rodata.cos_1_degree_test.str1.4
                0x00000000400024e0       0x20 test.o
 .rodata.cos_300_degrees_test.cst4
                0x0000000040002500        0x8 test.o
 .rodata.cos_720_degrees_test.cst4
                0x0000000040002508        0x4 test.o
 .rodata.cos_89_degrees_test.cst4
                0x000000004000250c        0x8 test.o
 .rodata.cos_90_degrees_test.cst4
                0x0000000040002514        0x4 test.o
 .rodata.cos_Neg90_degrees_test.cst4
                0x0000000040002514        0x4 test.o
 .rodata.cos_infinity_test_1.cst4
                0x0000000040002518        0x4 test.o
 .rodata.cos_infinity_test_1.str1.4
                0x000000004000251c       0x47 test.o
 *fill*         0x0000000040002563        0x1 
 .rodata.cos_infinity_test_2.cst4
                0x0000000040002564        0x4 test.o
 .rodata.cos_infinity_test_2.str1.4
                0x0000000040002568        0xf test.o
 .rodata.cos_zero_test_1.cst4
                0x0000000040002577        0x4 test.o
 *fill*         0x0000000040002577        0x1 
 .rodata.cos_zero_test_1.str1.4
                0x0000000040002578        0x7 test.o
 *fill*         0x000000004000257f        0x1 
 .rodata.cos_zero_test_2.cst4
                0x0000000040002580        0x4 test.o
 .rodata.cos_zero_test_2.str1.4
                0x0000000040002584       0x13 test.o
 *fill*         0x0000000040002597        0x1 
 .rodata.cos_zero_test_3.cst4
                0x0000000040002598        0x4 test.o
 .rodata.cos_zero_test_3.str1.4
                0x000000004000259c       0x13 test.o
 *fill*         0x00000000400025af        0x1 
 .rodata.main_test.str1.4
                0x00000000400025b0       0x68 tester.o
                0x0000000040002618                _erodata = .
                0x0000000040002618                _data = .
 *(.data)
 *(.data.*)
 .data.gpio_vector
                0x0000000040002618       0x10 interrupt.o
                0x0000000040002618                gpio_vector
 .data.irq_vector
                0x0000000040002628       0x20 interrupt.o
                0x0000000040002628                irq_vector
 .data.timer_vector
                0x0000000040002648       0x40 interrupt.o
                0x0000000040002648                timer_vector
                0x0000000040002e88                _gp = (. + 0x800)
 *(.sdata)
 *(.sdata.*)
                0x0000000040002690                . = ALIGN (0x10)
 *fill*         0x0000000040002688        0x8 
                0x0000000040002690                _edata = .

.bss            0x0000000040002690        0xc
                0x0000000040002690                _bss_start = .
 *(.sbss)
 *(.sbss.*)
 .sbss.executed_tests
                0x0000000040002690        0x4 tester.o
                0x0000000040002690                executed_tests
 .sbss.failed_tests
                0x0000000040002694        0x4 tester.o
                0x0000000040002694                failed_tests
 .sbss.test_counter
                0x0000000040002698        0x4 tester.o
                0x0000000040002698                test_counter
 *(.bss)
 *(.bss.*)
                0x000000004000269c                . = ALIGN (0x4)
                0x000000004000269c                _bss_end = .
                0x000000004000269c                _end = .
LOAD crt0.o
LOAD hf-unit.o
LOAD interrupt.o
LOAD libc.o
LOAD malloc.o
LOAD math.o
LOAD test.o
LOAD tester.o
OUTPUT(test.elf elf32-littleriscv)

.riscv.attributes
                0x0000000000000000       0x1a
 .riscv.attributes
                0x0000000000000000       0x1a crt0.o
 .riscv.attributes
                0x000000000000001a       0x1a hf-unit.o
 .riscv.attributes
                0x0000000000000034       0x1a interrupt.o
 .riscv.attributes
                0x000000000000004e       0x1a libc.o
 .riscv.attributes
                0x0000000000000068       0x1a math.o
 .riscv.attributes
                0x0000000000000082       0x1a test.o
 .riscv.attributes
                0x000000000000009c       0x1a tester.o

.comment        0x0000000000000000       0x11
 .comment       0x0000000000000000       0x11 hf-unit.o
                                         0x12 (size before relaxing)
 .comment       0x0000000000000011       0x12 interrupt.o
 .comment       0x0000000000000011       0x12 libc.o
 .comment       0x0000000000000011       0x12 math.o
 .comment       0x0000000000000011       0x12 test.o
 .comment       0x0000000000000011       0x12 tester.o
